// Vitest Snapshot v1, https://vitest.dev/guide/snapshot.html

exports[`ProfileCardShareUniversalPage > should render 1`] = `
"<div id="test-wrapper">
  <lukso-tooltip variant="white" text="universal.page" placement="left">
    <lukso-button size="small" variant="secondary" custom-class="px-0 overflow-hidden size-full" class="group size-[30px]"><img src="/images/universalpage-logo.png" alt="" class="h-4 grayscale transition group-hover:grayscale-0"></lukso-button>
  </lukso-tooltip>
</div>"
`;
