// Vitest Snapshot v1, https://vitest.dev/guide/snapshot.html

exports[`ProfileCardShare > should render 1`] = `
"<div id="test-wrapper">
  <div class="absolute right-4 top-4 flex flex-col items-end gap-2">
    <div>
      <lukso-button size="small" variant="secondary" custom-class="px-0 overflow-hidden size-[30px]">
        <lukso-icon size="small" name="transaction-send" class="mx-1.5"></lukso-icon>
        <div class="paragraph-inter-12-medium transition-width duration-500 ease-out" style="width: auto;">
          <div class="inline-flex items-center text-nowrap">
            <div class="m-1 mr-1.5 text-neutral-50">universalswaps.io/social/{address}</div>
          </div>
          <div class="inline-flex">
            <div class="mr-1.5"></div>
          </div>
        </div>
      </lukso-button>
    </div>
    <lukso-tooltip variant="white" text="universal.page" placement="left">
      <lukso-button size="small" variant="secondary" custom-class="px-0 overflow-hidden size-full" class="group size-[30px]"><img src="/images/universalpage-logo.png" alt="" class="h-4 grayscale transition group-hover:grayscale-0"></lukso-button>
    </lukso-tooltip>
    <lukso-tooltip variant="white" text="universalswaps.io" placement="left">
      <lukso-button size="small" variant="secondary" custom-class="px-0 overflow-hidden size-full" class="group size-[30px]"><img src="/images/universalswaps-logo.png" alt="" class="max-h-4 max-w-[20px] grayscale transition group-hover:grayscale-0"></lukso-button>
    </lukso-tooltip>
  </div>
</div>"
`;
