// Vitest Snapshot v1, https://vitest.dev/guide/snapshot.html

exports[`Settings index page > should render the settings index page 1`] = `
"<div id="test-wrapper">
  <div class="relative">
    <div class="relative px-4 py-6 sm:py-20 opacity-0">
      <div class="mx-auto w-full sm:w-[440px]">
        <h1 class="heading-inter-21-semi-bold pb-4">Settings</h1><!-- Add Missing Assets -->
        <!--v-if-->
        <!-- Application data provider (graph/rpc) -->
        <!--v-if-->
      </div>
    </div>
    <lukso-icon name="progress-indicator-alt" size="x-large" class="absolute left-[calc(50vw-20px)] top-[calc(50vh-20px)] sm:top-[300px]"></lukso-icon>
  </div>
</div>"
`;
